---
source: crates/parse/tests/insta.rs
expression: render(&case)
---
fixtures/golden/sql/_traps/string-code.sql
_traps · quality=ok · lines=4

m1 p0 @site            form=select          select                 3:0-3:9 inError=false
m1 p0 @pick.1          form=select          select_expression      3:7-3:9 inError=false
