---
source: crates/parse/tests/insta.rs
expression: render(&case)
---
fixtures/golden/sql/where-filter/pos-recent-orders.sql
sql/where-filter · quality=ok · lines=7

m1 p0 @site            form=where           where                  4:0-4:28 inError=false
m1 p0 @pick.1          form=where           binary_expression      4:6-4:28 inError=false
